Breakpoint 1, setup_32 () at setup_32.s:14
14		movl	$0x9000, %esp
(gdb) info reg
eax            0x2badb002	732803074
ecx            0x0	0
edx            0x0	0
ebx            0x10000	65536
esp            0xabbc	0xabbc
ebp            0x0	0x0
esi            0x0	0
edi            0x0	0
eip            0x28a5	0x28a5 <setup_32>
eflags         0x200046	[ PF ZF ID ]
cs             0x10	16
ss             0x18	24
ds             0x18	24
es             0x18	24
fs             0x18	24
gs             0x18	24
(gdb) x/16x 0x10000
0x10000:	0x00001a67	0x0000027f	0x0001fb80	0xe0ffffff
0x10010:	0x00010078	0x00000000	0x00000000	0x00000016
0x10020:	0x00000028	0x0001013c	0x00000015	0x00000090
0x10030:	0x000100ac	0x00000000	0x00000000	0x00000000
(gdb) x/4x 1002c
Invalid number "1002c".
(gdb) x/4x 0x1002c
0x1002c:	0x00000090	0x000100ac	0x00000000	0x00000000
(gdb) x/4x 0x90
0x90:	0x00001000	0x00000001	0x00005000	0x00005000
(gdb) x/4x 0x1002c
0x1002c:	0x00000090	0x000100ac	0x00000000	0x00000000
(gdb) x/4x 0x000100ac
0x100ac:	0x00000014	0x00000000	0x00000000	0x0009fc00
(gdb) x/60x 0x000100ac
0x100ac:	0x00000014	0x00000000	0x00000000	0x0009fc00
0x100bc:	0x00000000	0x00000001	0x00000014	0x0009fc00
0x100cc:	0x00000000	0x00000400	0x00000000	0x00000002
0x100dc:	0x00000014	0x000f0000	0x00000000	0x00010000
0x100ec:	0x00000000	0x00000002	0x00000014	0x00100000
0x100fc:	0x00000000	0x07ee0000	0x00000000	0x00000001
0x1010c:	0x00000014	0x07fe0000	0x00000000	0x00020000
0x1011c:	0x00000000	0x00000002	0x00000014	0xfffc0000
0x1012c:	0x00000000	0x00040000	0x00000000	0x00000002
0x1013c:	0x00000000	0x00000000	0x00000000	0x00000000
0x1014c:	0x00000000	0x00000000	0x00000000	0x00000000
0x1015c:	0x00000000	0x00000000	0x0000001b	0x00000001
0x1016c:	0x00000006	0x00001000	0x00001000	0x00001b08
0x1017c:	0x00000000	0x00000000	0x00001000	0x00000000
0x1018c:	0x00000021	0x00000001	0x00000002	0x00003000
(gdb) x/90x 0x000100ac
0x100ac:	0x00000014	0x00000000	0x00000000	0x0009fc00
0x100bc:	0x00000000	0x00000001	0x00000014	0x0009fc00
0x100cc:	0x00000000	0x00000400	0x00000000	0x00000002
0x100dc:	0x00000014	0x000f0000	0x00000000	0x00010000
0x100ec:	0x00000000	0x00000002	0x00000014	0x00100000
0x100fc:	0x00000000	0x07ee0000	0x00000000	0x00000001
0x1010c:	0x00000014	0x07fe0000	0x00000000	0x00020000
0x1011c:	0x00000000	0x00000002	0x00000014	0xfffc0000
0x1012c:	0x00000000	0x00040000	0x00000000	0x00000002
0x1013c:	0x00000000	0x00000000	0x00000000	0x00000000
0x1014c:	0x00000000	0x00000000	0x00000000	0x00000000
0x1015c:	0x00000000	0x00000000	0x0000001b	0x00000001
0x1016c:	0x00000006	0x00001000	0x00001000	0x00001b08
0x1017c:	0x00000000	0x00000000	0x00001000	0x00000000
0x1018c:	0x00000021	0x00000001	0x00000002	0x00003000
0x1019c:	0x00003000	0x000006f6	0x00000000	0x00000000
0x101ac:	0x00001000	0x00000000	0x00000029	0x00000001
0x101bc:	0x00000002	0x000036f8	0x000036f8	0x000008a8
0x101cc:	0x00000000	0x00000000	0x00000004	0x00000000
---Type <return> to continue, or q <return> to quit---
0x101dc:	0x00000033	0x00000001	0x00000002	0x00003fa0

